// Jest Snapshot v1, https://goo.gl/fbAQLP

exports[`Button should match snapshot 1`] = `
<div>
  <button
    class="sc-bdfBQB jnrgIe"
    disabled=""
    name="JestTests"
  >
    JestTest
  </button>
</div>
`;
